<testsuites id="" name="" tests="15" failures="14" skipped="0" errors="0" time="91.92053999999999">
<testsuite name="compras-flow.spec.js" timestamp="2025-07-15T02:31:30.669Z" hostname="chromium" tests="5" failures="4" skipped="0" time="64.577" errors="0">
<testcase name="Flujo de Compras - Crítico › Debe crear orden de compra completa" classname="compras-flow.spec.js" time="7.191">
<failure message="compras-flow.spec.js:16:3 Debe crear orden de compra completa" type="FAILURE">
<![CDATA[  [chromium] › compras-flow.spec.js:16:3 › Flujo de Compras - Crítico › Debe crear orden de compra completa 

    Error: expect.toContainText: Error: strict mode violation: locator('h1, h2') resolved to 2 elements:
        1) <h1>Sistema de Gestión</h1> aka getByRole('heading', { name: 'Sistema de Gestión' })
        2) <h2>Panel Principal</h2> aka getByRole('heading', { name: 'Panel Principal' })

    Call log:
      - Expect "toContainText" with timeout 5000ms
      - waiting for locator('h1, h2')


      16 |   test('Debe crear orden de compra completa', async ({ page }) => {
      17 |     // Verificar página de órdenes
    > 18 |     await expect(page.locator('h1, h2')).toContainText(/orden.*compra|compras/i);
         |                                          ^
      19 |
      20 |     // Crear nueva orden
      21 |     const nuevaOrdenBtn = page.locator('button:has-text("Nueva Orden"), button:has-text("Crear"), button:has-text("Agregar")').first();
        at C:\Users\jpant\OneDrive\Desktop\Universidad\UNIDENTAL\unidental-frontend\tests\e2e\compras-flow.spec.js:18:42

    attachment #1: screenshot (image/png) ──────────────────────────────────────────────────────────
    ..\..\test-results\compras-flow-Flujo-de-Comp-c8012-ar-orden-de-compra-completa-chromium\test-failed-1.png
    ────────────────────────────────────────────────────────────────────────────────────────────────

    attachment #2: video (video/webm) ──────────────────────────────────────────────────────────────
    ..\..\test-results\compras-flow-Flujo-de-Comp-c8012-ar-orden-de-compra-completa-chromium\video.webm
    ────────────────────────────────────────────────────────────────────────────────────────────────

    Error Context: ..\..\test-results\compras-flow-Flujo-de-Comp-c8012-ar-orden-de-compra-completa-chromium\error-context.md
]]>
</failure>
<system-out>
<![CDATA[
[[ATTACHMENT|compras-flow-Flujo-de-Comp-c8012-ar-orden-de-compra-completa-chromium\test-failed-1.png]]

[[ATTACHMENT|compras-flow-Flujo-de-Comp-c8012-ar-orden-de-compra-completa-chromium\video.webm]]

[[ATTACHMENT|compras-flow-Flujo-de-Comp-c8012-ar-orden-de-compra-completa-chromium\error-context.md]]
]]>
</system-out>
</testcase>
<testcase name="Flujo de Compras - Crítico › Debe recibir productos de orden de compra" classname="compras-flow.spec.js" time="9.094">
</testcase>
<testcase name="Flujo de Compras - Crítico › Debe manejar orden con múltiples productos" classname="compras-flow.spec.js" time="18.148">
<failure message="compras-flow.spec.js:126:3 Debe manejar orden con múltiples productos" type="FAILURE">
<![CDATA[  [chromium] › compras-flow.spec.js:126:3 › Flujo de Compras - Crítico › Debe manejar orden con múltiples productos 

    TimeoutError: locator.click: Timeout 10000ms exceeded.
    Call log:
      - waiting for locator('button:has-text("Nueva"), button:has-text("Crear")').first()


      127 |     // Crear nueva orden múltiple
      128 |     const nuevaOrdenBtn = page.locator('button:has-text("Nueva"), button:has-text("Crear")').first();
    > 129 |     await nuevaOrdenBtn.click();
          |                         ^
      130 |
      131 |     // Seleccionar proveedor
      132 |     const proveedorSelect = page.locator('select, input[placeholder*="proveedor"]').first();
        at C:\Users\jpant\OneDrive\Desktop\Universidad\UNIDENTAL\unidental-frontend\tests\e2e\compras-flow.spec.js:129:25

    attachment #1: screenshot (image/png) ──────────────────────────────────────────────────────────
    ..\..\test-results\compras-flow-Flujo-de-Comp-70e35-den-con-múltiples-productos-chromium\test-failed-1.png
    ────────────────────────────────────────────────────────────────────────────────────────────────

    attachment #2: video (video/webm) ──────────────────────────────────────────────────────────────
    ..\..\test-results\compras-flow-Flujo-de-Comp-70e35-den-con-múltiples-productos-chromium\video.webm
    ────────────────────────────────────────────────────────────────────────────────────────────────

    Error Context: ..\..\test-results\compras-flow-Flujo-de-Comp-70e35-den-con-múltiples-productos-chromium\error-context.md
]]>
</failure>
<system-out>
<![CDATA[
[[ATTACHMENT|compras-flow-Flujo-de-Comp-70e35-den-con-múltiples-productos-chromium\test-failed-1.png]]

[[ATTACHMENT|compras-flow-Flujo-de-Comp-70e35-den-con-múltiples-productos-chromium\video.webm]]

[[ATTACHMENT|compras-flow-Flujo-de-Comp-70e35-den-con-múltiples-productos-chromium\error-context.md]]
]]>
</system-out>
</testcase>
<testcase name="Flujo de Compras - Crítico › Debe validar datos obligatorios en orden" classname="compras-flow.spec.js" time="15.249">
<failure message="compras-flow.spec.js:189:3 Debe validar datos obligatorios en orden" type="FAILURE">
<![CDATA[  [chromium] › compras-flow.spec.js:189:3 › Flujo de Compras - Crítico › Debe validar datos obligatorios en orden 

    TimeoutError: locator.click: Timeout 10000ms exceeded.
    Call log:
      - waiting for locator('button:has-text("Nueva"), button:has-text("Crear")').first()


      190 |     // Intentar crear orden sin proveedor
      191 |     const nuevaOrdenBtn = page.locator('button:has-text("Nueva"), button:has-text("Crear")').first();
    > 192 |     await nuevaOrdenBtn.click();
          |                         ^
      193 |
      194 |     // Intentar confirmar sin datos
      195 |     const confirmarBtn = page.locator('button:has-text("Confirmar"), button:has-text("Crear")').first();
        at C:\Users\jpant\OneDrive\Desktop\Universidad\UNIDENTAL\unidental-frontend\tests\e2e\compras-flow.spec.js:192:25

    attachment #1: screenshot (image/png) ──────────────────────────────────────────────────────────
    ..\..\test-results\compras-flow-Flujo-de-Comp-bbe62-datos-obligatorios-en-orden-chromium\test-failed-1.png
    ────────────────────────────────────────────────────────────────────────────────────────────────

    attachment #2: video (video/webm) ──────────────────────────────────────────────────────────────
    ..\..\test-results\compras-flow-Flujo-de-Comp-bbe62-datos-obligatorios-en-orden-chromium\video.webm
    ────────────────────────────────────────────────────────────────────────────────────────────────

    Error Context: ..\..\test-results\compras-flow-Flujo-de-Comp-bbe62-datos-obligatorios-en-orden-chromium\error-context.md
]]>
</failure>
<system-out>
<![CDATA[
[[ATTACHMENT|compras-flow-Flujo-de-Comp-bbe62-datos-obligatorios-en-orden-chromium\test-failed-1.png]]

[[ATTACHMENT|compras-flow-Flujo-de-Comp-bbe62-datos-obligatorios-en-orden-chromium\video.webm]]

[[ATTACHMENT|compras-flow-Flujo-de-Comp-bbe62-datos-obligatorios-en-orden-chromium\error-context.md]]
]]>
</system-out>
</testcase>
<testcase name="Flujo de Compras - Crítico › Debe calcular correctamente el total de la orden" classname="compras-flow.spec.js" time="14.895">
<failure message="compras-flow.spec.js:208:3 Debe calcular correctamente el total de la orden" type="FAILURE">
<![CDATA[  [chromium] › compras-flow.spec.js:208:3 › Flujo de Compras - Crítico › Debe calcular correctamente el total de la orden 

    TimeoutError: locator.click: Timeout 10000ms exceeded.
    Call log:
      - waiting for locator('button:has-text("Nueva")').first()


      208 |   test('Debe calcular correctamente el total de la orden', async ({ page }) => {
      209 |     const nuevaOrdenBtn = page.locator('button:has-text("Nueva")').first();
    > 210 |     await nuevaOrdenBtn.click();
          |                         ^
      211 |
      212 |     // Seleccionar proveedor
      213 |     const proveedorSelect = page.locator('select, input[placeholder*="proveedor"]').first();
        at C:\Users\jpant\OneDrive\Desktop\Universidad\UNIDENTAL\unidental-frontend\tests\e2e\compras-flow.spec.js:210:25

    attachment #1: screenshot (image/png) ──────────────────────────────────────────────────────────
    ..\..\test-results\compras-flow-Flujo-de-Comp-e5229-amente-el-total-de-la-orden-chromium\test-failed-1.png
    ────────────────────────────────────────────────────────────────────────────────────────────────

    attachment #2: video (video/webm) ──────────────────────────────────────────────────────────────
    ..\..\test-results\compras-flow-Flujo-de-Comp-e5229-amente-el-total-de-la-orden-chromium\video.webm
    ────────────────────────────────────────────────────────────────────────────────────────────────

    Error Context: ..\..\test-results\compras-flow-Flujo-de-Comp-e5229-amente-el-total-de-la-orden-chromium\error-context.md
]]>
</failure>
<system-out>
<![CDATA[
[[ATTACHMENT|compras-flow-Flujo-de-Comp-e5229-amente-el-total-de-la-orden-chromium\test-failed-1.png]]

[[ATTACHMENT|compras-flow-Flujo-de-Comp-e5229-amente-el-total-de-la-orden-chromium\video.webm]]

[[ATTACHMENT|compras-flow-Flujo-de-Comp-e5229-amente-el-total-de-la-orden-chromium\error-context.md]]
]]>
</system-out>
</testcase>
</testsuite>
<testsuite name="devoluciones-flow.spec.js" timestamp="2025-07-15T02:31:30.669Z" hostname="chromium" tests="6" failures="6" skipped="0" time="62.847" errors="0">
<testcase name="Flujo de Devoluciones - Crítico › Debe procesar devolución de producto compuesto completa" classname="devoluciones-flow.spec.js" time="4.866">
<failure message="devoluciones-flow.spec.js:16:3 Debe procesar devolución de producto compuesto completa" type="FAILURE">
<![CDATA[  [chromium] › devoluciones-flow.spec.js:16:3 › Flujo de Devoluciones - Crítico › Debe procesar devolución de producto compuesto completa 

    Error: expect.toContainText: Error: strict mode violation: locator('h1, h2') resolved to 2 elements:
        1) <h1>Sistema de Gestión</h1> aka getByRole('heading', { name: 'Sistema de Gestión' })
        2) <h2>Panel Principal</h2> aka getByRole('heading', { name: 'Panel Principal' })

    Call log:
      - Expect "toContainText" with timeout 5000ms
      - waiting for locator('h1, h2')


      16 |   test('Debe procesar devolución de producto compuesto completa', async ({ page }) => {
      17 |     // Verificar página de devoluciones
    > 18 |     await expect(page.locator('h1, h2')).toContainText(/devoluc|return/i);
         |                                          ^
      19 |
      20 |     // Crear nueva devolución
      21 |     const nuevaDevolucionBtn = page.locator('button:has-text("Nueva Devolución"), button:has-text("Crear"), button:has-text("Registrar")').first();
        at C:\Users\jpant\OneDrive\Desktop\Universidad\UNIDENTAL\unidental-frontend\tests\e2e\devoluciones-flow.spec.js:18:42

    attachment #1: screenshot (image/png) ──────────────────────────────────────────────────────────
    ..\..\test-results\devoluciones-flow-Flujo-de-a6b70-producto-compuesto-completa-chromium\test-failed-1.png
    ────────────────────────────────────────────────────────────────────────────────────────────────

    attachment #2: video (video/webm) ──────────────────────────────────────────────────────────────
    ..\..\test-results\devoluciones-flow-Flujo-de-a6b70-producto-compuesto-completa-chromium\video.webm
    ────────────────────────────────────────────────────────────────────────────────────────────────

    Error Context: ..\..\test-results\devoluciones-flow-Flujo-de-a6b70-producto-compuesto-completa-chromium\error-context.md
]]>
</failure>
<system-out>
<![CDATA[
[[ATTACHMENT|devoluciones-flow-Flujo-de-a6b70-producto-compuesto-completa-chromium\test-failed-1.png]]

[[ATTACHMENT|devoluciones-flow-Flujo-de-a6b70-producto-compuesto-completa-chromium\video.webm]]

[[ATTACHMENT|devoluciones-flow-Flujo-de-a6b70-producto-compuesto-completa-chromium\error-context.md]]
]]>
</system-out>
</testcase>
<testcase name="Flujo de Devoluciones - Crítico › Debe manejar devolución parcial de productos compuestos" classname="devoluciones-flow.spec.js" time="5.369">
<failure message="devoluciones-flow.spec.js:79:3 Debe manejar devolución parcial de productos compuestos" type="FAILURE">
<![CDATA[  [chromium] › devoluciones-flow.spec.js:79:3 › Flujo de Devoluciones - Crítico › Debe manejar devolución parcial de productos compuestos 

    Error: expect.toContainText: Error: strict mode violation: locator('h1, h2') resolved to 2 elements:
        1) <h1>Sistema de Gestión</h1> aka getByRole('heading', { name: 'Sistema de Gestión' })
        2) <h2>Panel Principal</h2> aka getByRole('heading', { name: 'Panel Principal' })

    Call log:
      - Expect "toContainText" with timeout 5000ms
      - waiting for locator('h1, h2')


      78 |
      79 |   test('Debe manejar devolución parcial de productos compuestos', async ({ page }) => {
    > 80 |     await expect(page.locator('h1, h2')).toContainText(/devoluc/i);
         |                                          ^
      81 |
      82 |     // Nueva devolución parcial
      83 |     const nuevaBtn = page.locator('button:has-text("Nueva")').first();
        at C:\Users\jpant\OneDrive\Desktop\Universidad\UNIDENTAL\unidental-frontend\tests\e2e\devoluciones-flow.spec.js:80:42

    attachment #1: screenshot (image/png) ──────────────────────────────────────────────────────────
    ..\..\test-results\devoluciones-flow-Flujo-de-dc3dc-ial-de-productos-compuestos-chromium\test-failed-1.png
    ────────────────────────────────────────────────────────────────────────────────────────────────

    attachment #2: video (video/webm) ──────────────────────────────────────────────────────────────
    ..\..\test-results\devoluciones-flow-Flujo-de-dc3dc-ial-de-productos-compuestos-chromium\video.webm
    ────────────────────────────────────────────────────────────────────────────────────────────────

    Error Context: ..\..\test-results\devoluciones-flow-Flujo-de-dc3dc-ial-de-productos-compuestos-chromium\error-context.md
]]>
</failure>
<system-out>
<![CDATA[
[[ATTACHMENT|devoluciones-flow-Flujo-de-dc3dc-ial-de-productos-compuestos-chromium\test-failed-1.png]]

[[ATTACHMENT|devoluciones-flow-Flujo-de-dc3dc-ial-de-productos-compuestos-chromium\video.webm]]

[[ATTACHMENT|devoluciones-flow-Flujo-de-dc3dc-ial-de-productos-compuestos-chromium\error-context.md]]
]]>
</system-out>
</testcase>
<testcase name="Flujo de Devoluciones - Crítico › Debe validar stock al procesar devolución" classname="devoluciones-flow.spec.js" time="11.382">
<failure message="devoluciones-flow.spec.js:126:3 Debe validar stock al procesar devolución" type="FAILURE">
<![CDATA[  [chromium] › devoluciones-flow.spec.js:126:3 › Flujo de Devoluciones - Crítico › Debe validar stock al procesar devolución 

    Error: Timed out 5000ms waiting for expect(locator).toContainText(expected)

    Locator: locator('h1')
    Expected pattern: /devoluc/i
    Received string:  "Sistema de Gestión"
    Call log:
      - Expect "toContainText" with timeout 5000ms
      - waiting for locator('h1')
        8 × locator resolved to <h1>Sistema de Gestión</h1>
          - unexpected value "Sistema de Gestión"


      125 |
      126 |   test('Debe validar stock al procesar devolución', async ({ page }) => {
    > 127 |     await expect(page.locator('h1')).toContainText(/devoluc/i);
          |                                      ^
      128 |
      129 |     const nuevaBtn = page.locator('button:has-text("Nueva")').first();
      130 |     await nuevaBtn.click();
        at C:\Users\jpant\OneDrive\Desktop\Universidad\UNIDENTAL\unidental-frontend\tests\e2e\devoluciones-flow.spec.js:127:38

    attachment #1: screenshot (image/png) ──────────────────────────────────────────────────────────
    ..\..\test-results\devoluciones-flow-Flujo-de-c7884-tock-al-procesar-devolución-chromium\test-failed-1.png
    ────────────────────────────────────────────────────────────────────────────────────────────────

    attachment #2: video (video/webm) ──────────────────────────────────────────────────────────────
    ..\..\test-results\devoluciones-flow-Flujo-de-c7884-tock-al-procesar-devolución-chromium\video.webm
    ────────────────────────────────────────────────────────────────────────────────────────────────

    Error Context: ..\..\test-results\devoluciones-flow-Flujo-de-c7884-tock-al-procesar-devolución-chromium\error-context.md
]]>
</failure>
<system-out>
<![CDATA[
[[ATTACHMENT|devoluciones-flow-Flujo-de-c7884-tock-al-procesar-devolución-chromium\test-failed-1.png]]

[[ATTACHMENT|devoluciones-flow-Flujo-de-c7884-tock-al-procesar-devolución-chromium\video.webm]]

[[ATTACHMENT|devoluciones-flow-Flujo-de-c7884-tock-al-procesar-devolución-chromium\error-context.md]]
]]>
</system-out>
</testcase>
<testcase name="Flujo de Devoluciones - Crítico › Debe generar reembolso automático" classname="devoluciones-flow.spec.js" time="10.855">
<failure message="devoluciones-flow.spec.js:167:3 Debe generar reembolso automático" type="FAILURE">
<![CDATA[  [chromium] › devoluciones-flow.spec.js:167:3 › Flujo de Devoluciones - Crítico › Debe generar reembolso automático 

    Error: Timed out 5000ms waiting for expect(locator).toContainText(expected)

    Locator: locator('h1')
    Expected pattern: /devoluc/i
    Received string:  "Sistema de Gestión"
    Call log:
      - Expect "toContainText" with timeout 5000ms
      - waiting for locator('h1')
        8 × locator resolved to <h1>Sistema de Gestión</h1>
          - unexpected value "Sistema de Gestión"


      166 |
      167 |   test('Debe generar reembolso automático', async ({ page }) => {
    > 168 |     await expect(page.locator('h1')).toContainText(/devoluc/i);
          |                                      ^
      169 |
      170 |     const nuevaBtn = page.locator('button:has-text("Nueva")').first();
      171 |     await nuevaBtn.click();
        at C:\Users\jpant\OneDrive\Desktop\Universidad\UNIDENTAL\unidental-frontend\tests\e2e\devoluciones-flow.spec.js:168:38

    attachment #1: screenshot (image/png) ──────────────────────────────────────────────────────────
    ..\..\test-results\devoluciones-flow-Flujo-de-dfc2f-enerar-reembolso-automático-chromium\test-failed-1.png
    ────────────────────────────────────────────────────────────────────────────────────────────────

    attachment #2: video (video/webm) ──────────────────────────────────────────────────────────────
    ..\..\test-results\devoluciones-flow-Flujo-de-dfc2f-enerar-reembolso-automático-chromium\video.webm
    ────────────────────────────────────────────────────────────────────────────────────────────────

    Error Context: ..\..\test-results\devoluciones-flow-Flujo-de-dfc2f-enerar-reembolso-automático-chromium\error-context.md
]]>
</failure>
<system-out>
<![CDATA[
[[ATTACHMENT|devoluciones-flow-Flujo-de-dfc2f-enerar-reembolso-automático-chromium\test-failed-1.png]]

[[ATTACHMENT|devoluciones-flow-Flujo-de-dfc2f-enerar-reembolso-automático-chromium\video.webm]]

[[ATTACHMENT|devoluciones-flow-Flujo-de-dfc2f-enerar-reembolso-automático-chromium\error-context.md]]
]]>
</system-out>
</testcase>
<testcase name="Flujo de Devoluciones - Crítico › Debe manejar devolución con componentes dañados" classname="devoluciones-flow.spec.js" time="9.113">
<failure message="devoluciones-flow.spec.js:219:3 Debe manejar devolución con componentes dañados" type="FAILURE">
<![CDATA[  [chromium] › devoluciones-flow.spec.js:219:3 › Flujo de Devoluciones - Crítico › Debe manejar devolución con componentes dañados 

    Error: Timed out 5000ms waiting for expect(locator).toContainText(expected)

    Locator: locator('h1')
    Expected pattern: /devoluc/i
    Received string:  "Sistema de Gestión"
    Call log:
      - Expect "toContainText" with timeout 5000ms
      - waiting for locator('h1')
        8 × locator resolved to <h1>Sistema de Gestión</h1>
          - unexpected value "Sistema de Gestión"


      218 |
      219 |   test('Debe manejar devolución con componentes dañados', async ({ page }) => {
    > 220 |     await expect(page.locator('h1')).toContainText(/devoluc/i);
          |                                      ^
      221 |
      222 |     const nuevaBtn = page.locator('button:has-text("Nueva")').first();
      223 |     await nuevaBtn.click();
        at C:\Users\jpant\OneDrive\Desktop\Universidad\UNIDENTAL\unidental-frontend\tests\e2e\devoluciones-flow.spec.js:220:38

    attachment #1: screenshot (image/png) ──────────────────────────────────────────────────────────
    ..\..\test-results\devoluciones-flow-Flujo-de-e9781-ión-con-componentes-dañados-chromium\test-failed-1.png
    ────────────────────────────────────────────────────────────────────────────────────────────────

    attachment #2: video (video/webm) ──────────────────────────────────────────────────────────────
    ..\..\test-results\devoluciones-flow-Flujo-de-e9781-ión-con-componentes-dañados-chromium\video.webm
    ────────────────────────────────────────────────────────────────────────────────────────────────

    Error Context: ..\..\test-results\devoluciones-flow-Flujo-de-e9781-ión-con-componentes-dañados-chromium\error-context.md
]]>
</failure>
<system-out>
<![CDATA[
[[ATTACHMENT|devoluciones-flow-Flujo-de-e9781-ión-con-componentes-dañados-chromium\test-failed-1.png]]

[[ATTACHMENT|devoluciones-flow-Flujo-de-e9781-ión-con-componentes-dañados-chromium\video.webm]]

[[ATTACHMENT|devoluciones-flow-Flujo-de-e9781-ión-con-componentes-dañados-chromium\error-context.md]]
]]>
</system-out>
</testcase>
<testcase name="Flujo de Devoluciones - Crítico › Debe actualizar inventario tras devolución" classname="devoluciones-flow.spec.js" time="21.262">
<failure message="devoluciones-flow.spec.js:264:3 Debe actualizar inventario tras devolución" type="FAILURE">
<![CDATA[  [chromium] › devoluciones-flow.spec.js:264:3 › Flujo de Devoluciones - Crítico › Debe actualizar inventario tras devolución 

    TimeoutError: locator.click: Timeout 10000ms exceeded.
    Call log:
      - waiting for locator('button:has-text("Nueva")').first()


      275 |     await page.goto('/returns');
      276 |     const nuevaBtn = page.locator('button:has-text("Nueva")').first();
    > 277 |     await nuevaBtn.click();
          |                    ^
      278 |
      279 |     const ventaInput = page.locator('input[placeholder*="venta"]').first();
      280 |     await ventaInput.fill('VNT-006');
        at C:\Users\jpant\OneDrive\Desktop\Universidad\UNIDENTAL\unidental-frontend\tests\e2e\devoluciones-flow.spec.js:277:20

    attachment #1: screenshot (image/png) ──────────────────────────────────────────────────────────
    ..\..\test-results\devoluciones-flow-Flujo-de-4ca78--inventario-tras-devolución-chromium\test-failed-1.png
    ────────────────────────────────────────────────────────────────────────────────────────────────

    attachment #2: video (video/webm) ──────────────────────────────────────────────────────────────
    ..\..\test-results\devoluciones-flow-Flujo-de-4ca78--inventario-tras-devolución-chromium\video.webm
    ────────────────────────────────────────────────────────────────────────────────────────────────

    Error Context: ..\..\test-results\devoluciones-flow-Flujo-de-4ca78--inventario-tras-devolución-chromium\error-context.md
]]>
</failure>
<system-out>
<![CDATA[
[[ATTACHMENT|devoluciones-flow-Flujo-de-4ca78--inventario-tras-devolución-chromium\test-failed-1.png]]

[[ATTACHMENT|devoluciones-flow-Flujo-de-4ca78--inventario-tras-devolución-chromium\video.webm]]

[[ATTACHMENT|devoluciones-flow-Flujo-de-4ca78--inventario-tras-devolución-chromium\error-context.md]]
]]>
</system-out>
</testcase>
</testsuite>
<testsuite name="ventas-flow.spec.js" timestamp="2025-07-15T02:31:30.669Z" hostname="chromium" tests="4" failures="4" skipped="0" time="43.552" errors="0">
<testcase name="Flujo de Ventas - Crítico › Debe completar venta con cliente específico" classname="ventas-flow.spec.js" time="12.383">
<failure message="ventas-flow.spec.js:16:3 Debe completar venta con cliente específico" type="FAILURE">
<![CDATA[  [chromium] › ventas-flow.spec.js:16:3 › Flujo de Ventas - Crítico › Debe completar venta con cliente específico 

    Error: Timed out 5000ms waiting for expect(locator).toContainText(expected)

    Locator: locator('h1')
    Expected string: "Registrar Venta"
    Received string: "Sistema de Gestión"
    Call log:
      - Expect "toContainText" with timeout 5000ms
      - waiting for locator('h1')
        8 × locator resolved to <h1>Sistema de Gestión</h1>
          - unexpected value "Sistema de Gestión"


      16 |   test('Debe completar venta con cliente específico', async ({ page }) => {
      17 |     // Verificar que estamos en la página de ventas
    > 18 |     await expect(page.locator('h1')).toContainText('Registrar Venta');
         |                                      ^
      19 |
      20 |     // PASO 1: Seleccionar cliente
      21 |     const clienteInput = page.locator('input[placeholder*="cliente" i]').first();
        at C:\Users\jpant\OneDrive\Desktop\Universidad\UNIDENTAL\unidental-frontend\tests\e2e\ventas-flow.spec.js:18:38

    attachment #1: screenshot (image/png) ──────────────────────────────────────────────────────────
    ..\..\test-results\ventas-flow-Flujo-de-Venta-38af3-enta-con-cliente-específico-chromium\test-failed-1.png
    ────────────────────────────────────────────────────────────────────────────────────────────────

    attachment #2: video (video/webm) ──────────────────────────────────────────────────────────────
    ..\..\test-results\ventas-flow-Flujo-de-Venta-38af3-enta-con-cliente-específico-chromium\video.webm
    ────────────────────────────────────────────────────────────────────────────────────────────────

    Error Context: ..\..\test-results\ventas-flow-Flujo-de-Venta-38af3-enta-con-cliente-específico-chromium\error-context.md
]]>
</failure>
<system-out>
<![CDATA[
[[ATTACHMENT|ventas-flow-Flujo-de-Venta-38af3-enta-con-cliente-específico-chromium\test-failed-1.png]]

[[ATTACHMENT|ventas-flow-Flujo-de-Venta-38af3-enta-con-cliente-específico-chromium\video.webm]]

[[ATTACHMENT|ventas-flow-Flujo-de-Venta-38af3-enta-con-cliente-específico-chromium\error-context.md]]
]]>
</system-out>
</testcase>
<testcase name="Flujo de Ventas - Crítico › Debe manejar venta sin cliente específico" classname="ventas-flow.spec.js" time="9.016">
<failure message="ventas-flow.spec.js:82:3 Debe manejar venta sin cliente específico" type="FAILURE">
<![CDATA[  [chromium] › ventas-flow.spec.js:82:3 › Flujo de Ventas - Crítico › Debe manejar venta sin cliente específico 

    Error: Timed out 5000ms waiting for expect(locator).toContainText(expected)

    Locator: locator('h1')
    Expected string: "Registrar Venta"
    Received string: "Sistema de Gestión"
    Call log:
      - Expect "toContainText" with timeout 5000ms
      - waiting for locator('h1')
        8 × locator resolved to <h1>Sistema de Gestión</h1>
          - unexpected value "Sistema de Gestión"


      82 |   test('Debe manejar venta sin cliente específico', async ({ page }) => {
      83 |     // Verificar página de ventas
    > 84 |     await expect(page.locator('h1')).toContainText('Registrar Venta');
         |                                      ^
      85 |
      86 |     // Seleccionar venta sin cliente
      87 |     const sinClienteBtn = page.locator('button:has-text("sin cliente"), button:has-text("Sin Cliente")').first();
        at C:\Users\jpant\OneDrive\Desktop\Universidad\UNIDENTAL\unidental-frontend\tests\e2e\ventas-flow.spec.js:84:38

    attachment #1: screenshot (image/png) ──────────────────────────────────────────────────────────
    ..\..\test-results\ventas-flow-Flujo-de-Venta-bbd72-enta-sin-cliente-específico-chromium\test-failed-1.png
    ────────────────────────────────────────────────────────────────────────────────────────────────

    attachment #2: video (video/webm) ──────────────────────────────────────────────────────────────
    ..\..\test-results\ventas-flow-Flujo-de-Venta-bbd72-enta-sin-cliente-específico-chromium\video.webm
    ────────────────────────────────────────────────────────────────────────────────────────────────

    Error Context: ..\..\test-results\ventas-flow-Flujo-de-Venta-bbd72-enta-sin-cliente-específico-chromium\error-context.md
]]>
</failure>
<system-out>
<![CDATA[
[[ATTACHMENT|ventas-flow-Flujo-de-Venta-bbd72-enta-sin-cliente-específico-chromium\test-failed-1.png]]

[[ATTACHMENT|ventas-flow-Flujo-de-Venta-bbd72-enta-sin-cliente-específico-chromium\video.webm]]

[[ATTACHMENT|ventas-flow-Flujo-de-Venta-bbd72-enta-sin-cliente-específico-chromium\error-context.md]]
]]>
</system-out>
</testcase>
<testcase name="Flujo de Ventas - Crítico › Debe validar stock insuficiente" classname="ventas-flow.spec.js" time="10.916">
<failure message="ventas-flow.spec.js:114:3 Debe validar stock insuficiente" type="FAILURE">
<![CDATA[  [chromium] › ventas-flow.spec.js:114:3 › Flujo de Ventas - Crítico › Debe validar stock insuficiente 

    Error: Timed out 5000ms waiting for expect(locator).toContainText(expected)

    Locator: locator('h1')
    Expected string: "Registrar Venta"
    Received string: "Sistema de Gestión"
    Call log:
      - Expect "toContainText" with timeout 5000ms
      - waiting for locator('h1')
        8 × locator resolved to <h1>Sistema de Gestión</h1>
          - unexpected value "Sistema de Gestión"


      113 |
      114 |   test('Debe validar stock insuficiente', async ({ page }) => {
    > 115 |     await expect(page.locator('h1')).toContainText('Registrar Venta');
          |                                      ^
      116 |
      117 |     // Intentar agregar cantidad mayor al stock
      118 |     const productoInput = page.locator('input[placeholder*="producto" i]').first();
        at C:\Users\jpant\OneDrive\Desktop\Universidad\UNIDENTAL\unidental-frontend\tests\e2e\ventas-flow.spec.js:115:38

    attachment #1: screenshot (image/png) ──────────────────────────────────────────────────────────
    ..\..\test-results\ventas-flow-Flujo-de-Venta-efd60--validar-stock-insuficiente-chromium\test-failed-1.png
    ────────────────────────────────────────────────────────────────────────────────────────────────

    attachment #2: video (video/webm) ──────────────────────────────────────────────────────────────
    ..\..\test-results\ventas-flow-Flujo-de-Venta-efd60--validar-stock-insuficiente-chromium\video.webm
    ────────────────────────────────────────────────────────────────────────────────────────────────

    Error Context: ..\..\test-results\ventas-flow-Flujo-de-Venta-efd60--validar-stock-insuficiente-chromium\error-context.md
]]>
</failure>
<system-out>
<![CDATA[
[[ATTACHMENT|ventas-flow-Flujo-de-Venta-efd60--validar-stock-insuficiente-chromium\test-failed-1.png]]

[[ATTACHMENT|ventas-flow-Flujo-de-Venta-efd60--validar-stock-insuficiente-chromium\video.webm]]

[[ATTACHMENT|ventas-flow-Flujo-de-Venta-efd60--validar-stock-insuficiente-chromium\error-context.md]]
]]>
</system-out>
</testcase>
<testcase name="Flujo de Ventas - Crítico › Debe procesar venta con múltiples productos" classname="ventas-flow.spec.js" time="11.237">
<failure message="ventas-flow.spec.js:146:3 Debe procesar venta con múltiples productos" type="FAILURE">
<![CDATA[  [chromium] › ventas-flow.spec.js:146:3 › Flujo de Ventas - Crítico › Debe procesar venta con múltiples productos 

    Error: Timed out 5000ms waiting for expect(locator).toContainText(expected)

    Locator: locator('h1')
    Expected string: "Registrar Venta"
    Received string: "Sistema de Gestión"
    Call log:
      - Expect "toContainText" with timeout 5000ms
      - waiting for locator('h1')
        8 × locator resolved to <h1>Sistema de Gestión</h1>
          - unexpected value "Sistema de Gestión"


      145 |
      146 |   test('Debe procesar venta con múltiples productos', async ({ page }) => {
    > 147 |     await expect(page.locator('h1')).toContainText('Registrar Venta');
          |                                      ^
      148 |
      149 |     // Agregar primer producto
      150 |     let productoInput = page.locator('input[placeholder*="producto" i]').first();
        at C:\Users\jpant\OneDrive\Desktop\Universidad\UNIDENTAL\unidental-frontend\tests\e2e\ventas-flow.spec.js:147:38

    attachment #1: screenshot (image/png) ──────────────────────────────────────────────────────────
    ..\..\test-results\ventas-flow-Flujo-de-Venta-fe563-nta-con-múltiples-productos-chromium\test-failed-1.png
    ────────────────────────────────────────────────────────────────────────────────────────────────

    attachment #2: video (video/webm) ──────────────────────────────────────────────────────────────
    ..\..\test-results\ventas-flow-Flujo-de-Venta-fe563-nta-con-múltiples-productos-chromium\video.webm
    ────────────────────────────────────────────────────────────────────────────────────────────────

    Error Context: ..\..\test-results\ventas-flow-Flujo-de-Venta-fe563-nta-con-múltiples-productos-chromium\error-context.md
]]>
</failure>
<system-out>
<![CDATA[
[[ATTACHMENT|ventas-flow-Flujo-de-Venta-fe563-nta-con-múltiples-productos-chromium\test-failed-1.png]]

[[ATTACHMENT|ventas-flow-Flujo-de-Venta-fe563-nta-con-múltiples-productos-chromium\video.webm]]

[[ATTACHMENT|ventas-flow-Flujo-de-Venta-fe563-nta-con-múltiples-productos-chromium\error-context.md]]
]]>
</system-out>
</testcase>
</testsuite>
</testsuites>